// Jest Snapshot v1, https://goo.gl/fbAQLP

exports[`AppScreen Component AppScreen snapshot 1`] = `
<RCTSafeAreaView
  style={
    [
      {
        "flexBasis": "0%",
        "flexGrow": 1,
        "flexShrink": 1,
      },
    ]
  }
>
  <View
    style={
      [
        {
          "flexBasis": "0%",
          "flexGrow": 1,
          "flexShrink": 1,
        },
        {
          "paddingLeft": 8,
          "paddingRight": 8,
        },
        {
          "paddingTop": 8,
        },
      ]
    }
  />
</RCTSafeAreaView>
`;
